Loading rhel8/default-amp
  Loading requirement: rhel8/slurm singularity/current rhel8/global cuda/11.4
    libpciaccess/0.16/gcc-9.4.0-6fonbj6 libiconv/1.16/gcc-9.4.0-ahebbov
    libxml2/2.9.12/gcc-9.4.0-gnknt5e ncurses/6.2/gcc-9.4.0-aiirok7
    hwloc/2.5.0/gcc-9.4.0-7sqomga libevent/2.1.12/gcc-9.4.0-hgny7cm
    numactl/2.0.14/gcc-9.4.0-52dwc6n cuda/11.4.0/gcc-9.4.0-3hnxhjt
    gdrcopy/2.2/gcc-9.4.0-e4igtfp knem/1.1.4/gcc-9.4.0-bpbxgva
    libnl/3.3.0/gcc-9.4.0-whwhrwb rdma-core/34.0/gcc-9.4.0-5eo5n2u
    ucx/1.11.1/gcc-9.4.0-lktqyl4 openmpi/4.1.1/gcc-9.4.0-epagguv
INFO: Using device cuda
INFO: Network:
	3 input channels
	6 output channels (classes)
	Transposed conv upscaling
INFO: Creating dataset with 1260 examples
INFO: Scanning mask files to determine unique values
  0%|          | 0/1260 [00:00<?, ?it/s]  0%|          | 0/1260 [00:00<?, ?it/s]
INFO: Creating dataset with 1260 examples
INFO: Scanning mask files to determine unique values
  0%|          | 0/1260 [00:00<?, ?it/s]  0%|          | 6/1260 [00:00<00:30, 41.71it/s]  4%|▎         | 46/1260 [00:00<00:05, 218.68it/s] 60%|██████    | 761/1260 [00:00<00:00, 2364.73it/s] 90%|████████▉ | 1133/1260 [00:00<00:00, 2787.14it/s]100%|██████████| 1260/1260 [00:00<00:00, 2107.60it/s]
INFO: Unique mask values: [0, 1, 2, 3, 4, 5]
wandb: WARNING The anonymous setting has no effect and will be removed in a future version.
Traceback (most recent call last):
  File "/rds/user/kn445/hpc-work/ml-oct/models/U-Net/speckle_10p_m0v0.5/train.py", line 213, in <module>
    train_model(
  File "/rds/user/kn445/hpc-work/ml-oct/models/U-Net/speckle_10p_m0v0.5/train.py", line 58, in train_model
    experiment = wandb.init(project='U-Net', resume='allow', anonymous='must')
                 ^^^^^^^^^^^^^^^^^^^^^^^^^^^^^^^^^^^^^^^^^^^^^^^^^^^^^^^^^^^^^
  File "/home/kn445/rds/hpc-work/conda_storage/conda_envs/unetenv/lib/python3.11/site-packages/wandb/sdk/wandb_init.py", line 1557, in init
    telemetry_recorder.reraise(e)
  File "/home/kn445/rds/hpc-work/conda_storage/conda_envs/unetenv/lib/python3.11/site-packages/wandb/analytics/opentelemetry/opentelemetry_proxy.py", line 354, in reraise
    raise exc
  File "/home/kn445/rds/hpc-work/conda_storage/conda_envs/unetenv/lib/python3.11/site-packages/wandb/sdk/wandb_init.py", line 1539, in init
    run = wi.init(run_settings, run_config, run_printer)
          ^^^^^^^^^^^^^^^^^^^^^^^^^^^^^^^^^^^^^^^^^^^^^^
  File "/home/kn445/rds/hpc-work/conda_storage/conda_envs/unetenv/lib/python3.11/site-packages/wandb/sdk/wandb_init.py", line 853, in init
    run = Run(
          ^^^^
  File "/home/kn445/rds/hpc-work/conda_storage/conda_envs/unetenv/lib/python3.11/site-packages/wandb/sdk/wandb_run.py", line 513, in __init__
    self._init(
  File "/home/kn445/rds/hpc-work/conda_storage/conda_envs/unetenv/lib/python3.11/site-packages/wandb/sdk/wandb_run.py", line 529, in _init
    self._config = wandb_config.Config()
                   ^^^^^^^^^^^^^^^^^^^^^
  File "/home/kn445/rds/hpc-work/conda_storage/conda_envs/unetenv/lib/python3.11/site-packages/wandb/sdk/wandb_config.py", line 106, in __init__
    self._load_defaults()
  File "/home/kn445/rds/hpc-work/conda_storage/conda_envs/unetenv/lib/python3.11/site-packages/wandb/sdk/wandb_config.py", line 253, in _load_defaults
    conf_dict = config_util.dict_from_config_file("config-defaults.yaml")
                ^^^^^^^^^^^^^^^^^^^^^^^^^^^^^^^^^^^^^^^^^^^^^^^^^^^^^^^^^
  File "/home/kn445/rds/hpc-work/conda_storage/conda_envs/unetenv/lib/python3.11/site-packages/wandb/sdk/lib/config_util.py", line 69, in dict_from_config_file
    import yaml
ModuleNotFoundError: No module named 'yaml'
[1;34mwandb[0m: 
[1;34mwandb[0m: You can sync this run to the cloud by running:
[1;34mwandb[0m: [1mwandb sync /rds/user/kn445/hpc-work/ml-oct/models/U-Net/speckle_10p_m0v0.5/wandb/offline-run-20260821_191112-yzmfetwk[0m
[1;34mwandb[0m: Find logs at: [1;35m../../../../../../../../rds/user/kn445/hpc-work/ml-oct/models/U-Net/speckle_10p_m0v0.5/wandb/offline-run-20260821_191112-yzmfetwk/logs[0m
Changed directory to /rds/user/kn445/hpc-work/ml-oct/models/U-Net/speckle_10p_m0v0.5.

JobID: 34152126
======
Time: Fri Aug 21 19:11:15 BST 2026
Running on master node: gpu-q-14
Current directory: /rds/user/kn445/hpc-work/ml-oct/models/U-Net/speckle_10p_m0v0.5

Nodes allocated:
================
gpu-q-14

numtasks=4, numnodes=1, mpi_tasks_per_node=4 (OMP_NUM_THREADS=1)

Executing command:
==================
 

